Polygons: 27 features | moor field 'Moor' | count field 'Count' | CRS EPSG:27700
  27 count areas, 2,546 ha total, 16 moors
*** Earth Engine *** Share your feedback by taking our Annual Developer Satisfaction Survey: https://google.qualtrics.com/jfe/form/SV_9oS0DRcPvElRMNw?source=python
Earth Engine initialised (project burn-502316)
Season 2017/18 ...
  107.2 ha managed | 105 post-season scenes | 28s
Season 2018/19 ...
  116.4 ha managed | 105 post-season scenes | 97s
Season 2019/20 ...
  100.4 ha managed | 114 post-season scenes | 51s
Season 2020/21 ...
  61.3 ha managed | 108 post-season scenes | 62s
Season 2021/22 ...
  120.6 ha managed | 108 post-season scenes | 105s
Season 2022/23 ...
  91.9 ha managed | 105 post-season scenes | 95s
Season 2023/24 ...
  69.0 ha managed | 106 post-season scenes | 97s
Season 2024/25 ...
  178.4 ha managed | 156 post-season scenes | 62s
Season 2025/26 ...
  94.5 ha managed | 162 post-season scenes | 99s
Wrote outputs_abl_v5b_v6s/results_by_season.csv (243 rows)
Charts in outputs_abl_v5b_v6s/figures; summaries in outputs_abl_v5b_v6s
