Polygons: 29 features | moor field 'Moor' | count field 'Count' | CRS EPSG:27700
  28 count areas, 4,273 ha total, 16 moors (+ 1 strip rows, 371 ha, kept out of totals)
Earth Engine initialised (project burn-502316)
Season 2017/18 ...
  204.0 ha managed | 105 post-season scenes | 87s
Season 2018/19 ...
  243.1 ha managed | 105 post-season scenes | 234s
Season 2019/20 ...
  198.6 ha managed | 114 post-season scenes | 56s
Season 2020/21 ...
  144.9 ha managed | 108 post-season scenes | 54s
Season 2021/22 ...
  243.2 ha managed | 108 post-season scenes | 60s
Season 2022/23 ...
  191.5 ha managed | 105 post-season scenes | 66s
Season 2023/24 ...
  159.0 ha managed | 106 post-season scenes | 84s
Season 2024/25 ...
  338.1 ha managed | 156 post-season scenes | 105s
Season 2025/26 ...
  203.0 ha managed | 162 post-season scenes | 87s
Wrote outputs_t015/results_by_season.csv (261 rows)
Boundary sensitivity in outputs_t015/summary_boundary_sensitivity.csv
Charts in outputs_t015/figures; summaries in outputs_t015
