Polygons: 29 features | moor field 'Moor' | count field 'Count' | CRS EPSG:27700
  28 count areas, 4,273 ha total, 16 moors (+ 1 strip rows, 371 ha, kept out of totals)
*** Earth Engine *** Share your feedback by taking our Annual Developer Satisfaction Survey: https://google.qualtrics.com/jfe/form/SV_9oS0DRcPvElRMNw?source=python
Earth Engine initialised (project burn-502316)
Season 2017/18 ...
  126.2 ha managed | 105 post-season scenes | 103s
Season 2018/19 ...
  154.8 ha managed | 105 post-season scenes | 73s
Season 2019/20 ...
  119.1 ha managed | 114 post-season scenes | 122s
Season 2020/21 ...
  80.1 ha managed | 108 post-season scenes | 108s
Season 2021/22 ...
  169.8 ha managed | 108 post-season scenes | 72s
Season 2022/23 ...
  120.3 ha managed | 105 post-season scenes | 102s
Season 2023/24 ...
  86.6 ha managed | 106 post-season scenes | 73s
Season 2024/25 ...
  232.6 ha managed | 156 post-season scenes | 93s
Season 2025/26 ...
  126.7 ha managed | 162 post-season scenes | 206s
Wrote outputs_abl_v6b_date/results_by_season.csv (261 rows)
Boundary sensitivity in outputs_abl_v6b_date/summary_boundary_sensitivity.csv
Charts in outputs_abl_v6b_date/figures; summaries in outputs_abl_v6b_date
