Polygons: 29 features | moor field 'Moor' | count field 'Count' | CRS EPSG:27700
  28 count areas, 4,273 ha total, 16 moors (+ 1 strip rows, 371 ha, kept out of totals)
*** Earth Engine *** Share your feedback by taking our Annual Developer Satisfaction Survey: https://google.qualtrics.com/jfe/form/SV_9oS0DRcPvElRMNw?source=python
Earth Engine initialised (project burn-502316)
Season 2017/18 ...
  115.6 ha managed | 61 post-season scenes | 53s
Season 2018/19 ...
  136.0 ha managed | 63 post-season scenes | 116s
Season 2019/20 ...
  120.9 ha managed | 70 post-season scenes | 57s
Season 2020/21 ...
  81.1 ha managed | 66 post-season scenes | 62s
Season 2021/22 ...
  152.1 ha managed | 66 post-season scenes | 57s
Season 2022/23 ...
  137.3 ha managed | 63 post-season scenes | 79s
Season 2023/24 ...
  105.9 ha managed | 64 post-season scenes | 50s
Season 2024/25 ...
  254.7 ha managed | 93 post-season scenes | 56s
Season 2025/26 ...
  135.4 ha managed | 99 post-season scenes | 88s
Wrote outputs_abl_v6b_start/results_by_season.csv (261 rows)
Boundary sensitivity in outputs_abl_v6b_start/summary_boundary_sensitivity.csv
Charts in outputs_abl_v6b_start/figures; summaries in outputs_abl_v6b_start
