Polygons: 29 features | moor field 'Moor' | count field 'Count' | CRS EPSG:27700
  28 count areas, 4,273 ha total, 16 moors (+ 1 strip rows, 371 ha, kept out of totals)
Earth Engine initialised (project burn-502316)
Season 2017/18 ...
  169.0 ha managed | 105 post-season scenes | 88s
Season 2018/19 ...
  201.2 ha managed | 105 post-season scenes | 235s
Season 2019/20 ...
  156.0 ha managed | 114 post-season scenes | 57s
Season 2020/21 ...
  105.5 ha managed | 108 post-season scenes | 59s
Season 2021/22 ...
  199.5 ha managed | 108 post-season scenes | 51s
Season 2022/23 ...
  153.0 ha managed | 105 post-season scenes | 64s
Season 2023/24 ...
  113.8 ha managed | 106 post-season scenes | 112s
Season 2024/25 ...
  280.3 ha managed | 156 post-season scenes | 92s
Season 2025/26 ...
  158.2 ha managed | 162 post-season scenes | 76s
Wrote outputs/results_by_season.csv (261 rows)
Boundary sensitivity in outputs/summary_boundary_sensitivity.csv
Charts in outputs/figures; summaries in outputs
