Polygons: 27 features | moor field 'Moor' | count field 'Count' | CRS EPSG:27700
  27 count areas, 2,546 ha total, 16 moors
*** Earth Engine *** Share your feedback by taking our Annual Developer Satisfaction Survey: https://google.qualtrics.com/jfe/form/SV_9oS0DRcPvElRMNw?source=python
Earth Engine initialised (project burn-502316)
Season 2017/18 ...
  65.2 ha managed | 82 post-season scenes | 31s
Season 2018/19 ...
  76.8 ha managed | 84 post-season scenes | 191s
Season 2019/20 ...
  75.5 ha managed | 91 post-season scenes | 83s
Season 2020/21 ...
  54.5 ha managed | 87 post-season scenes | 86s
Season 2021/22 ...
  89.1 ha managed | 87 post-season scenes | 56s
Season 2022/23 ...
  78.3 ha managed | 84 post-season scenes | 69s
Season 2023/24 ...
  62.2 ha managed | 83 post-season scenes | 54s
Season 2024/25 ...
  174.8 ha managed | 127 post-season scenes | 78s
Season 2025/26 ...
  77.7 ha managed | 128 post-season scenes | 101s
Wrote outputs_abl_v5b_v5s/results_by_season.csv (243 rows)
Charts in outputs_abl_v5b_v5s/figures; summaries in outputs_abl_v5b_v5s
