Polygons: 29 features | moor field 'Moor' | count field 'Count' | CRS EPSG:27700
  28 count areas, 4,273 ha total, 16 moors (+ 1 strip rows, 371 ha, kept out of totals)
Earth Engine initialised (project burn-502316)
Season 2017/18 ...
  141.6 ha managed | 105 post-season scenes | 65s
Season 2018/19 ...
  165.7 ha managed | 105 post-season scenes | 46s
Season 2019/20 ...
  122.2 ha managed | 114 post-season scenes | 68s
Season 2020/21 ...
  77.9 ha managed | 108 post-season scenes | 65s
Season 2021/22 ...
  164.7 ha managed | 108 post-season scenes | 45s
Season 2022/23 ...
  122.6 ha managed | 105 post-season scenes | 54s
Season 2023/24 ...
  83.5 ha managed | 106 post-season scenes | 60s
Season 2024/25 ...
  228.0 ha managed | 156 post-season scenes | 45s
Season 2025/26 ...
  120.9 ha managed | 162 post-season scenes | 119s
Wrote outputs_t019/results_by_season.csv (261 rows)
Boundary sensitivity in outputs_t019/summary_boundary_sensitivity.csv
Charts in outputs_t019/figures; summaries in outputs_t019
