Polygons: 29 features | moor field 'Moor' | count field 'Count' | CRS EPSG:27700
  28 count areas, 4,273 ha total, 16 moors (+ 1 strip rows, 371 ha, kept out of totals)
*** Earth Engine *** Share your feedback by taking our Annual Developer Satisfaction Survey: https://google.qualtrics.com/jfe/form/SV_9oS0DRcPvElRMNw?source=python
Earth Engine initialised (project burn-502316)
Season 2017/18 ...
  110.0 ha managed | 82 post-season scenes | 41s
Season 2018/19 ...
  134.7 ha managed | 84 post-season scenes | 77s
Season 2019/20 ...
  119.0 ha managed | 91 post-season scenes | 64s
Season 2020/21 ...
  95.3 ha managed | 87 post-season scenes | 92s
Season 2021/22 ...
  154.3 ha managed | 87 post-season scenes | 69s
Season 2022/23 ...
  139.3 ha managed | 84 post-season scenes | 65s
Season 2023/24 ...
  104.6 ha managed | 83 post-season scenes | 50s
Season 2024/25 ...
  279.0 ha managed | 127 post-season scenes | 107s
Season 2025/26 ...
  136.9 ha managed | 128 post-season scenes | 72s
Wrote outputs_abl_v6b_v5s/results_by_season.csv (261 rows)
Boundary sensitivity in outputs_abl_v6b_v5s/summary_boundary_sensitivity.csv
Charts in outputs_abl_v6b_v5s/figures; summaries in outputs_abl_v6b_v5s
