Polygons: 29 features | moor field 'Moor' | count field 'Count' | CRS EPSG:27700
  28 count areas, 4,273 ha total, 16 moors (+ 1 strip rows, 371 ha, kept out of totals)
*** Earth Engine *** Share your feedback by taking our Annual Developer Satisfaction Survey: https://google.qualtrics.com/jfe/form/SV_9oS0DRcPvElRMNw?source=python
Earth Engine initialised (project burn-502316)
Season 2017/18 ...
  150.6 ha managed | 82 post-season scenes | 41s
Season 2018/19 ...
  187.0 ha managed | 84 post-season scenes | 64s
Season 2019/20 ...
  156.5 ha managed | 91 post-season scenes | 79s
Season 2020/21 ...
  123.2 ha managed | 87 post-season scenes | 96s
Season 2021/22 ...
  190.1 ha managed | 87 post-season scenes | 111s
Season 2022/23 ...
  174.4 ha managed | 84 post-season scenes | 96s
Season 2023/24 ...
  134.6 ha managed | 83 post-season scenes | 81s
Season 2024/25 ...
  323.5 ha managed | 127 post-season scenes | 89s
Season 2025/26 ...
  170.4 ha managed | 128 post-season scenes | 273s
Wrote outputs_abl_v6b_patch/results_by_season.csv (261 rows)
Boundary sensitivity in outputs_abl_v6b_patch/summary_boundary_sensitivity.csv
Charts in outputs_abl_v6b_patch/figures; summaries in outputs_abl_v6b_patch
