Polygons: 29 features | moor field 'Moor' | count field 'Count' | CRS EPSG:27700
  28 count areas, 4,273 ha total, 16 moors (+ 1 strip rows, 371 ha, kept out of totals)
*** Earth Engine *** Share your feedback by taking our Annual Developer Satisfaction Survey: https://google.qualtrics.com/jfe/form/SV_9oS0DRcPvElRMNw?source=python
Earth Engine initialised (project burn-502316)
Season 2017/18 ...
  154.4 ha managed | 61 post-season scenes | 53s
Season 2018/19 ...
  186.7 ha managed | 63 post-season scenes | 80s
Season 2019/20 ...
  158.2 ha managed | 70 post-season scenes | 47s
Season 2020/21 ...
  106.1 ha managed | 66 post-season scenes | 60s
Season 2021/22 ...
  187.5 ha managed | 66 post-season scenes | 42s
Season 2022/23 ...
  167.7 ha managed | 63 post-season scenes | 60s
Season 2023/24 ...
  136.4 ha managed | 64 post-season scenes | 53s
Season 2024/25 ...
  299.8 ha managed | 93 post-season scenes | 59s
Season 2025/26 ...
  168.5 ha managed | 99 post-season scenes | 117s
Wrote outputs_abl_v6b_start01/results_by_season.csv (261 rows)
Boundary sensitivity in outputs_abl_v6b_start01/summary_boundary_sensitivity.csv
Charts in outputs_abl_v6b_start01/figures; summaries in outputs_abl_v6b_start01
