Polygons: 29 features | moor field 'Moor' | count field 'Count' | CRS EPSG:27700
  28 count areas, 4,273 ha total, 16 moors (+ 1 strip rows, 371 ha, kept out of totals)
Earth Engine initialised (project burn-502316)
Season 2017/18 ...
  256.1 ha managed | 105 post-season scenes | 87s
Season 2018/19 ...
  295.0 ha managed | 105 post-season scenes | 71s
Season 2019/20 ...
  251.0 ha managed | 114 post-season scenes | 60s
Season 2020/21 ...
  213.8 ha managed | 108 post-season scenes | 58s
Season 2021/22 ...
  304.5 ha managed | 108 post-season scenes | 55s
Season 2022/23 ...
  245.3 ha managed | 105 post-season scenes | 64s
Season 2023/24 ...
  233.8 ha managed | 106 post-season scenes | 11s
Season 2024/25 ...
  407.0 ha managed | 156 post-season scenes | 40s
Season 2025/26 ...
  260.3 ha managed | 162 post-season scenes | 115s
Wrote outputs_t013/results_by_season.csv (261 rows)
Boundary sensitivity in outputs_t013/summary_boundary_sensitivity.csv
Charts in outputs_t013/figures; summaries in outputs_t013
